********************************************************************************
                                  Violation 0
********************************************************************************
title: WARNING: DRC doesn't catch everything
explanation: Detection of outright shorts, missing connections, etc.
is handled via rat's nest addition.  To catch these problems,
display the message log using Window->Message Log, then use
Connects->Optimize rats nest (O hotkey) and watch for messages.

location: (x, y) = (0, 0), angle = 0.000000
have_measured: true
measured value: 0
required value: 0
object count: 0
object IDs: 
object types: 

********************************************************************************
                                  Violation 1
********************************************************************************
title: Copper areas too close
explanation: Circuits that are too close may bridge during imaging, etching,
plating, or soldering processes resulting in a direct short.
location: (x, y) = (5257800, 18656300), angle = 0.000000
have_measured: false
measured value: 0
required value: 127000
object count: 2
object IDs: 63 404 
object types: 4 4 

********************************************************************************
                                  Violation 2
********************************************************************************
title: Copper areas too close
explanation: Circuits that are too close may bridge during imaging, etching,
plating, or soldering processes resulting in a direct short.
location: (x, y) = (5245100, 20561300), angle = 0.000000
have_measured: false
measured value: 0
required value: 127000
object count: 2
object IDs: 72 410 
object types: 4 4 

********************************************************************************
                                  Violation 3
********************************************************************************
title: Copper areas too close
explanation: Circuits that are too close may bridge during imaging, etching,
plating, or soldering processes resulting in a direct short.
location: (x, y) = (5232400, 22491700), angle = 0.000000
have_measured: false
measured value: 0
required value: 127000
object count: 2
object IDs: 81 416 
object types: 4 4 

********************************************************************************
                                  Violation 4
********************************************************************************
title: Copper areas too close
explanation: Circuits that are too close may bridge during imaging, etching,
plating, or soldering processes resulting in a direct short.
location: (x, y) = (5219700, 24396700), angle = 0.000000
have_measured: false
measured value: 0
required value: 127000
object count: 2
object IDs: 90 419 
object types: 4 4 

********************************************************************************
                                  Violation 5
********************************************************************************
title: Copper areas too close
explanation: Circuits that are too close may bridge during imaging, etching,
plating, or soldering processes resulting in a direct short.
location: (x, y) = (10287000, 7226300), angle = 0.000000
have_measured: false
measured value: 0
required value: 127000
object count: 2
object IDs: 99 368 
object types: 4 4 

********************************************************************************
                                  Violation 6
********************************************************************************
title: Potential for broken trace
explanation: Insufficient overlap between objects can lead to broken tracks
due to registration errors with old wheel style photo-plotters.
location: (x, y) = (10274300, 9156700), angle = 0.000000
have_measured: false
measured value: 0
required value: 127000
object count: 2
object IDs: 108 374 
object types: 4 4 

********************************************************************************
                                  Violation 7
********************************************************************************
title: Potential for broken trace
explanation: Insufficient overlap between objects can lead to broken tracks
due to registration errors with old wheel style photo-plotters.
location: (x, y) = (10261600, 11061700), angle = 0.000000
have_measured: false
measured value: 0
required value: 127000
object count: 2
object IDs: 117 380 
object types: 4 4 

********************************************************************************
                                  Violation 8
********************************************************************************
title: Potential for broken trace
explanation: Insufficient overlap between objects can lead to broken tracks
due to registration errors with old wheel style photo-plotters.
location: (x, y) = (10248900, 12966700), angle = 0.000000
have_measured: false
measured value: 0
required value: 127000
object count: 2
object IDs: 126 386 
object types: 4 4 

********************************************************************************
                                  Violation 9
********************************************************************************
title: Potential for broken trace
explanation: Insufficient overlap between objects can lead to broken tracks
due to registration errors with old wheel style photo-plotters.
location: (x, y) = (10236200, 14871700), angle = 0.000000
have_measured: false
measured value: 0
required value: 127000
object count: 2
object IDs: 135 392 
object types: 4 4 

********************************************************************************
                                  Violation 10
********************************************************************************
title: Potential for broken trace
explanation: Insufficient overlap between objects can lead to broken tracks
due to registration errors with old wheel style photo-plotters.
location: (x, y) = (10223500, 16751300), angle = 0.000000
have_measured: false
measured value: 0
required value: 127000
object count: 2
object IDs: 144 398 
object types: 4 4 

