********************************************************************************
                                  Violation 0
********************************************************************************
title: WARNING: DRC doesn't catch everything
explanation: Detection of outright shorts, missing connections, etc.
is handled via rat's nest addition.  To catch these problems,
display the message log using Window->Message Log, then use
Connects->Optimize rats nest (O hotkey) and watch for messages.

location: (x, y) = (0, 0), angle = 0.000000
have_measured: true
measured value: 0
required value: 0
object count: 0
object IDs: 
object types: 

********************************************************************************
                                  Violation 1
********************************************************************************
title: Pad with insufficient clearance inside polygon

explanation: Circuits that are too close may bridge during imaging, etching,
plating, or soldering processes resulting in a direct short.
location: (x, y) = (22098000, 15875000), angle = 0.000000
have_measured: true
measured value: 25400
required value: 127000
object count: 2
object IDs: 32 134 
object types: 512 8 

********************************************************************************
                                  Violation 2
********************************************************************************
title: Pad with insufficient clearance inside polygon

explanation: Circuits that are too close may bridge during imaging, etching,
plating, or soldering processes resulting in a direct short.
location: (x, y) = (22123400, 17805400), angle = 0.000000
have_measured: true
measured value: 25400
required value: 127000
object count: 2
object IDs: 37 134 
object types: 512 8 

********************************************************************************
                                  Violation 3
********************************************************************************
title: Pad with insufficient clearance inside polygon

explanation: Circuits that are too close may bridge during imaging, etching,
plating, or soldering processes resulting in a direct short.
location: (x, y) = (22148800, 19685000), angle = 0.000000
have_measured: true
measured value: 25400
required value: 127000
object count: 2
object IDs: 42 134 
object types: 512 8 

********************************************************************************
                                  Violation 4
********************************************************************************
title: Pad with insufficient clearance inside polygon

explanation: Circuits that are too close may bridge during imaging, etching,
plating, or soldering processes resulting in a direct short.
location: (x, y) = (22174200, 21590000), angle = 0.000000
have_measured: true
measured value: 25400
required value: 127000
object count: 2
object IDs: 47 134 
object types: 512 8 

********************************************************************************
                                  Violation 5
********************************************************************************
title: Pad with insufficient clearance inside polygon

explanation: Circuits that are too close may bridge during imaging, etching,
plating, or soldering processes resulting in a direct short.
location: (x, y) = (22199600, 23495000), angle = 0.000000
have_measured: true
measured value: 25400
required value: 127000
object count: 2
object IDs: 52 134 
object types: 512 8 

********************************************************************************
                                  Violation 6
********************************************************************************
title: Pad with insufficient clearance inside polygon

explanation: Circuits that are too close may bridge during imaging, etching,
plating, or soldering processes resulting in a direct short.
location: (x, y) = (6350000, 17805400), angle = 0.000000
have_measured: true
measured value: 101600
required value: 127000
object count: 2
object IDs: 77 134 
object types: 512 8 

********************************************************************************
                                  Violation 7
********************************************************************************
title: Pad with insufficient clearance inside polygon

explanation: Circuits that are too close may bridge during imaging, etching,
plating, or soldering processes resulting in a direct short.
location: (x, y) = (6350000, 19685000), angle = 0.000000
have_measured: true
measured value: 76200
required value: 127000
object count: 2
object IDs: 78 134 
object types: 512 8 

********************************************************************************
                                  Violation 8
********************************************************************************
title: Pad with insufficient clearance inside polygon

explanation: Circuits that are too close may bridge during imaging, etching,
plating, or soldering processes resulting in a direct short.
location: (x, y) = (6350000, 21590000), angle = 0.000000
have_measured: true
measured value: 50800
required value: 127000
object count: 2
object IDs: 79 134 
object types: 512 8 

********************************************************************************
                                  Violation 9
********************************************************************************
title: Pad with insufficient clearance inside polygon

explanation: Circuits that are too close may bridge during imaging, etching,
plating, or soldering processes resulting in a direct short.
location: (x, y) = (6350000, 23495000), angle = 0.000000
have_measured: true
measured value: 25400
required value: 127000
object count: 2
object IDs: 80 134 
object types: 512 8 

********************************************************************************
                                  Violation 10
********************************************************************************
title: Pad with insufficient clearance inside polygon

explanation: Circuits that are too close may bridge during imaging, etching,
plating, or soldering processes resulting in a direct short.
location: (x, y) = (30466870, 15875000), angle = 0.000000
have_measured: true
measured value: 25400
required value: 127000
object count: 2
object IDs: 110 134 
object types: 512 8 

********************************************************************************
                                  Violation 11
********************************************************************************
title: Pad with insufficient clearance inside polygon

explanation: Circuits that are too close may bridge during imaging, etching,
plating, or soldering processes resulting in a direct short.
location: (x, y) = (30454170, 17805400), angle = 0.000000
have_measured: true
measured value: 25400
required value: 127000
object count: 2
object IDs: 115 134 
object types: 512 8 

********************************************************************************
                                  Violation 12
********************************************************************************
title: Pad with insufficient clearance inside polygon

explanation: Circuits that are too close may bridge during imaging, etching,
plating, or soldering processes resulting in a direct short.
location: (x, y) = (30441470, 19685000), angle = 0.000000
have_measured: true
measured value: 25400
required value: 127000
object count: 2
object IDs: 120 134 
object types: 512 8 

********************************************************************************
                                  Violation 13
********************************************************************************
title: Pad with insufficient clearance inside polygon

explanation: Circuits that are too close may bridge during imaging, etching,
plating, or soldering processes resulting in a direct short.
location: (x, y) = (30428770, 21590000), angle = 0.000000
have_measured: true
measured value: 25400
required value: 127000
object count: 2
object IDs: 125 134 
object types: 512 8 

********************************************************************************
                                  Violation 14
********************************************************************************
title: Pad with insufficient clearance inside polygon

explanation: Circuits that are too close may bridge during imaging, etching,
plating, or soldering processes resulting in a direct short.
location: (x, y) = (30428810, 23495000), angle = 0.000000
have_measured: true
measured value: 0
required value: 127000
object count: 2
object IDs: 130 134 
object types: 512 8 

