********************************************************************************
                                  Violation 0
********************************************************************************
title: WARNING: DRC doesn't catch everything
explanation: Detection of outright shorts, missing connections, etc.
is handled via rat's nest addition.  To catch these problems,
display the message log using Window->Message Log, then use
Connects->Optimize rats nest (O hotkey) and watch for messages.

location: (x, y) = (0, 0), angle = 0.000000
have_measured: true
measured value: 0
required value: 0
object count: 0
object IDs: 
object types: 

********************************************************************************
                                  Violation 1
********************************************************************************
title: Copper areas too close
explanation: Circuits that are too close may bridge during imaging, etching,
plating, or soldering processes resulting in a direct short.
location: (x, y) = (3987800, 19939000), angle = 0.000000
have_measured: false
measured value: 0
required value: 127000
object count: 2
object IDs: 63 153 
object types: 512 512 

********************************************************************************
                                  Violation 2
********************************************************************************
title: Copper areas too close
explanation: Circuits that are too close may bridge during imaging, etching,
plating, or soldering processes resulting in a direct short.
location: (x, y) = (3975100, 21844000), angle = 0.000000
have_measured: false
measured value: 0
required value: 127000
object count: 2
object IDs: 72 162 
object types: 512 512 

********************************************************************************
                                  Violation 3
********************************************************************************
title: Copper areas too close
explanation: Circuits that are too close may bridge during imaging, etching,
plating, or soldering processes resulting in a direct short.
location: (x, y) = (3962400, 23749000), angle = 0.000000
have_measured: false
measured value: 0
required value: 127000
object count: 2
object IDs: 81 171 
object types: 512 512 

********************************************************************************
                                  Violation 4
********************************************************************************
title: Copper areas too close
explanation: Circuits that are too close may bridge during imaging, etching,
plating, or soldering processes resulting in a direct short.
location: (x, y) = (3949700, 25654000), angle = 0.000000
have_measured: false
measured value: 0
required value: 127000
object count: 2
object IDs: 90 180 
object types: 512 512 

********************************************************************************
                                  Violation 5
********************************************************************************
title: Copper areas too close
explanation: Circuits that are too close may bridge during imaging, etching,
plating, or soldering processes resulting in a direct short.
location: (x, y) = (9017000, 8509000), angle = 0.000000
have_measured: false
measured value: 0
required value: 127000
object count: 2
object IDs: 189 198 
object types: 512 512 

********************************************************************************
                                  Violation 6
********************************************************************************
title: Potential for broken trace
explanation: Insufficient overlap between objects can lead to broken tracks
due to registration errors with old wheel style photo-plotters.
location: (x, y) = (9004300, 10414000), angle = 0.000000
have_measured: false
measured value: 0
required value: 127000
object count: 2
object IDs: 207 216 
object types: 512 512 

********************************************************************************
                                  Violation 7
********************************************************************************
title: Potential for broken trace
explanation: Insufficient overlap between objects can lead to broken tracks
due to registration errors with old wheel style photo-plotters.
location: (x, y) = (8991600, 12319000), angle = 0.000000
have_measured: false
measured value: 0
required value: 127000
object count: 2
object IDs: 225 234 
object types: 512 512 

********************************************************************************
                                  Violation 8
********************************************************************************
title: Potential for broken trace
explanation: Insufficient overlap between objects can lead to broken tracks
due to registration errors with old wheel style photo-plotters.
location: (x, y) = (8978900, 14224000), angle = 0.000000
have_measured: false
measured value: 0
required value: 127000
object count: 2
object IDs: 243 252 
object types: 512 512 

********************************************************************************
                                  Violation 9
********************************************************************************
title: Potential for broken trace
explanation: Insufficient overlap between objects can lead to broken tracks
due to registration errors with old wheel style photo-plotters.
location: (x, y) = (8966200, 16129000), angle = 0.000000
have_measured: false
measured value: 0
required value: 127000
object count: 2
object IDs: 261 297 
object types: 512 512 

********************************************************************************
                                  Violation 10
********************************************************************************
title: Potential for broken trace
explanation: Insufficient overlap between objects can lead to broken tracks
due to registration errors with old wheel style photo-plotters.
location: (x, y) = (8953500, 18034000), angle = 0.000000
have_measured: false
measured value: 0
required value: 127000
object count: 2
object IDs: 270 306 
object types: 512 512 

