********************************************************************************
                                  Violation 0
********************************************************************************
title: WARNING: DRC doesn't catch everything
explanation: Detection of outright shorts, missing connections, etc.
is handled via rat's nest addition.  To catch these problems,
display the message log using Window->Message Log, then use
Connects->Optimize rats nest (O hotkey) and watch for messages.

location: (x, y) = (0, 0), angle = 0.000000
have_measured: true
measured value: 0
required value: 0
object count: 0
object IDs: 
object types: 

********************************************************************************
                                  Violation 1
********************************************************************************
title: Copper areas too close
explanation: Circuits that are too close may bridge during imaging, etching,
plating, or soldering processes resulting in a direct short.
location: (x, y) = (4330700, 25654000), angle = 0.000000
have_measured: false
measured value: 0
required value: 127000
object count: 2
object IDs: 8 9 
object types: 1 1 

********************************************************************************
                                  Violation 2
********************************************************************************
title: Copper areas too close
explanation: Circuits that are too close may bridge during imaging, etching,
plating, or soldering processes resulting in a direct short.
location: (x, y) = (4343400, 23749000), angle = 0.000000
have_measured: false
measured value: 0
required value: 127000
object count: 2
object IDs: 15 14 
object types: 1 1 

********************************************************************************
                                  Violation 3
********************************************************************************
title: Copper areas too close
explanation: Circuits that are too close may bridge during imaging, etching,
plating, or soldering processes resulting in a direct short.
location: (x, y) = (4356100, 21844000), angle = 0.000000
have_measured: false
measured value: 0
required value: 127000
object count: 2
object IDs: 21 20 
object types: 1 1 

********************************************************************************
                                  Violation 4
********************************************************************************
title: Copper areas too close
explanation: Circuits that are too close may bridge during imaging, etching,
plating, or soldering processes resulting in a direct short.
location: (x, y) = (4368800, 19939000), angle = 0.000000
have_measured: false
measured value: 0
required value: 127000
object count: 2
object IDs: 27 26 
object types: 1 1 

********************************************************************************
                                  Violation 5
********************************************************************************
title: Copper areas too close
explanation: Circuits that are too close may bridge during imaging, etching,
plating, or soldering processes resulting in a direct short.
location: (x, y) = (4381500, 18034000), angle = 0.000000
have_measured: false
measured value: 0
required value: 127000
object count: 2
object IDs: 33 32 
object types: 1 1 

********************************************************************************
                                  Violation 6
********************************************************************************
title: Potential for broken trace
explanation: Insufficient overlap between objects can lead to broken tracks
due to registration errors with old wheel style photo-plotters.
location: (x, y) = (9347200, 16129000), angle = 0.000000
have_measured: false
measured value: 0
required value: 127000
object count: 2
object IDs: 36 37 
object types: 1 1 

********************************************************************************
                                  Violation 7
********************************************************************************
title: Potential for broken trace
explanation: Insufficient overlap between objects can lead to broken tracks
due to registration errors with old wheel style photo-plotters.
location: (x, y) = (9359900, 14224000), angle = 0.000000
have_measured: false
measured value: 0
required value: 127000
object count: 2
object IDs: 42 43 
object types: 1 1 

********************************************************************************
                                  Violation 8
********************************************************************************
title: Potential for broken trace
explanation: Insufficient overlap between objects can lead to broken tracks
due to registration errors with old wheel style photo-plotters.
location: (x, y) = (9372600, 12319000), angle = 0.000000
have_measured: false
measured value: 0
required value: 127000
object count: 2
object IDs: 48 49 
object types: 1 1 

********************************************************************************
                                  Violation 9
********************************************************************************
title: Potential for broken trace
explanation: Insufficient overlap between objects can lead to broken tracks
due to registration errors with old wheel style photo-plotters.
location: (x, y) = (9385300, 10414000), angle = 0.000000
have_measured: false
measured value: 0
required value: 127000
object count: 2
object IDs: 54 55 
object types: 1 1 

********************************************************************************
                                  Violation 10
********************************************************************************
title: Potential for broken trace
explanation: Insufficient overlap between objects can lead to broken tracks
due to registration errors with old wheel style photo-plotters.
location: (x, y) = (9398000, 8509000), angle = 0.000000
have_measured: false
measured value: 0
required value: 127000
object count: 2
object IDs: 60 61 
object types: 1 1 

