********************************************************************************
                                  Violation 0
********************************************************************************
title: WARNING: DRC doesn't catch everything
explanation: Detection of outright shorts, missing connections, etc.
is handled via rat's nest addition.  To catch these problems,
display the message log using Window->Message Log, then use
Connects->Optimize rats nest (O hotkey) and watch for messages.

location: (x, y) = (0, 0), angle = 0.000000
have_measured: true
measured value: 0
required value: 0
object count: 0
object IDs: 
object types: 

********************************************************************************
                                  Violation 1
********************************************************************************
title: Warning: DRC minimum copper overlap
explanation: DRC does not catch all minimum copper overlap violations for
objects with thickness &lt; 2 x (min overlap).
location: (x, y) = (0, 0), angle = 0.000000
have_measured: true
measured value: 0
required value: 0
object count: 9
object IDs: 116 119 122 125 128 131 134 137 140 
object types: 4 4 4 4 4 4 4 4 4 

********************************************************************************
                                  Violation 2
********************************************************************************
title: Line width is too thin
explanation: Process specifications dictate a minimum feature-width
that can reliably be reproduced
location: (x, y) = (5080000, 13017500), angle = 0.000000
have_measured: true
measured value: 101600
required value: 127000
object count: 1
object IDs: 128 
object types: 4 

********************************************************************************
                                  Violation 3
********************************************************************************
title: Line width is too thin
explanation: Process specifications dictate a minimum feature-width
that can reliably be reproduced
location: (x, y) = (5080000, 14287500), angle = 0.000000
have_measured: true
measured value: 76200
required value: 127000
object count: 1
object IDs: 134 
object types: 4 

********************************************************************************
                                  Violation 4
********************************************************************************
title: Line width is too thin
explanation: Process specifications dictate a minimum feature-width
that can reliably be reproduced
location: (x, y) = (5080000, 15557500), angle = 0.000000
have_measured: true
measured value: 50800
required value: 127000
object count: 1
object IDs: 137 
object types: 4 

********************************************************************************
                                  Violation 5
********************************************************************************
title: Line width is too thin
explanation: Process specifications dictate a minimum feature-width
that can reliably be reproduced
location: (x, y) = (5080000, 16827500), angle = 0.000000
have_measured: true
measured value: 25400
required value: 127000
object count: 1
object IDs: 140 
object types: 4 

********************************************************************************
                                  Violation 6
********************************************************************************
title: Silk line is too thin
explanation: Process specifications dictate a minimum silkscreen
feature-width that can reliably be reproduced
location: (x, y) = (35560000, 13017500), angle = 0.000000
have_measured: true
measured value: 101600
required value: 127000
object count: 1
object IDs: 170 
object types: 4 

********************************************************************************
                                  Violation 7
********************************************************************************
title: Silk line is too thin
explanation: Process specifications dictate a minimum silkscreen
feature-width that can reliably be reproduced
location: (x, y) = (35560000, 14287500), angle = 0.000000
have_measured: true
measured value: 76200
required value: 127000
object count: 1
object IDs: 176 
object types: 4 

********************************************************************************
                                  Violation 8
********************************************************************************
title: Silk line is too thin
explanation: Process specifications dictate a minimum silkscreen
feature-width that can reliably be reproduced
location: (x, y) = (35560000, 15557500), angle = 0.000000
have_measured: true
measured value: 50800
required value: 127000
object count: 1
object IDs: 179 
object types: 4 

********************************************************************************
                                  Violation 9
********************************************************************************
title: Silk line is too thin
explanation: Process specifications dictate a minimum silkscreen
feature-width that can reliably be reproduced
location: (x, y) = (35560000, 16827500), angle = 0.000000
have_measured: true
measured value: 25400
required value: 127000
object count: 1
object IDs: 182 
object types: 4 

********************************************************************************
                                  Violation 10
********************************************************************************
title: Silk line is too thin
explanation: Process specifications dictate a minimum silkscreen
feature-width that can reliably be reproduced
location: (x, y) = (20320000, 13017500), angle = 0.000000
have_measured: true
measured value: 101600
required value: 127000
object count: 1
object IDs: 200 
object types: 4 

********************************************************************************
                                  Violation 11
********************************************************************************
title: Silk line is too thin
explanation: Process specifications dictate a minimum silkscreen
feature-width that can reliably be reproduced
location: (x, y) = (20320000, 14287500), angle = 0.000000
have_measured: true
measured value: 76200
required value: 127000
object count: 1
object IDs: 206 
object types: 4 

********************************************************************************
                                  Violation 12
********************************************************************************
title: Silk line is too thin
explanation: Process specifications dictate a minimum silkscreen
feature-width that can reliably be reproduced
location: (x, y) = (20320000, 15557500), angle = 0.000000
have_measured: true
measured value: 50800
required value: 127000
object count: 1
object IDs: 209 
object types: 4 

********************************************************************************
                                  Violation 13
********************************************************************************
title: Silk line is too thin
explanation: Process specifications dictate a minimum silkscreen
feature-width that can reliably be reproduced
location: (x, y) = (20320000, 16827500), angle = 0.000000
have_measured: true
measured value: 25400
required value: 127000
object count: 1
object IDs: 212 
object types: 4 

********************************************************************************
                                  Violation 14
********************************************************************************
title: Element (unknown) has 4 silk lines which are too thin
explanation: Process specifications dictate a minimum silkscreen
feature-width that can reliably be reproduced
location: (x, y) = (50800000, 11055350), angle = 0.000000
have_measured: true
measured value: 0
required value: 127000
object count: 1
object IDs: 102 
object types: 2 

