********************************************************************************
                                  Violation 0
********************************************************************************
title: WARNING: DRC doesn't catch everything
explanation: Detection of outright shorts, missing connections, etc.
is handled via rat's nest addition.  To catch these problems,
display the message log using Window->Message Log, then use
Connects->Optimize rats nest (O hotkey) and watch for messages.

location: (x, y) = (0, 0), angle = 0.000000
have_measured: true
measured value: 0
required value: 0
object count: 0
object IDs: 
object types: 

********************************************************************************
                                  Violation 1
********************************************************************************
title: Pin drill size is too small
explanation: Process rules dictate the minimum drill size which can be used
location: (x, y) = (5080000, 19050000), angle = 0.000000
have_measured: true
measured value: 228600
required value: 254000
object count: 1
object IDs: 308 
object types: 256 

********************************************************************************
                                  Violation 2
********************************************************************************
title: Pin drill size is too small
explanation: Process rules dictate the minimum drill size which can be used
location: (x, y) = (5080000, 20320000), angle = 0.000000
have_measured: true
measured value: 203200
required value: 254000
object count: 1
object IDs: 309 
object types: 256 

********************************************************************************
                                  Violation 3
********************************************************************************
title: Pin drill size is too small
explanation: Process rules dictate the minimum drill size which can be used
location: (x, y) = (5080000, 21590000), angle = 0.000000
have_measured: true
measured value: 177800
required value: 254000
object count: 1
object IDs: 310 
object types: 256 

********************************************************************************
                                  Violation 4
********************************************************************************
title: Pin drill size is too small
explanation: Process rules dictate the minimum drill size which can be used
location: (x, y) = (5080000, 22860000), angle = 0.000000
have_measured: true
measured value: 152400
required value: 254000
object count: 1
object IDs: 311 
object types: 256 

********************************************************************************
                                  Violation 5
********************************************************************************
title: Pin drill size is too small
explanation: Process rules dictate the minimum drill size which can be used
location: (x, y) = (5080000, 24130000), angle = 0.000000
have_measured: true
measured value: 127000
required value: 254000
object count: 1
object IDs: 312 
object types: 256 

********************************************************************************
                                  Violation 6
********************************************************************************
title: Pin annular ring too small
explanation: Annular rings that are too small may erode during etching,
resulting in a broken connection
location: (x, y) = (20345400, 12700000), angle = 0.000000
have_measured: true
measured value: 228600
required value: 254000
object count: 1
object IDs: 323 
object types: 256 

********************************************************************************
                                  Violation 7
********************************************************************************
title: Pin annular ring too small
explanation: Annular rings that are too small may erode during etching,
resulting in a broken connection
location: (x, y) = (20345400, 13970000), angle = 0.000000
have_measured: true
measured value: 203200
required value: 254000
object count: 1
object IDs: 324 
object types: 256 

********************************************************************************
                                  Violation 8
********************************************************************************
title: Pin annular ring too small
explanation: Annular rings that are too small may erode during etching,
resulting in a broken connection
location: (x, y) = (20345400, 15240000), angle = 0.000000
have_measured: true
measured value: 177800
required value: 254000
object count: 1
object IDs: 325 
object types: 256 

********************************************************************************
                                  Violation 9
********************************************************************************
title: Pin annular ring too small
explanation: Annular rings that are too small may erode during etching,
resulting in a broken connection
location: (x, y) = (20370800, 16510000), angle = 0.000000
have_measured: true
measured value: 152400
required value: 254000
object count: 1
object IDs: 326 
object types: 256 

********************************************************************************
                                  Violation 10
********************************************************************************
title: Pin annular ring too small
explanation: Annular rings that are too small may erode during etching,
resulting in a broken connection
location: (x, y) = (20345400, 17780000), angle = 0.000000
have_measured: true
measured value: 127000
required value: 254000
object count: 1
object IDs: 327 
object types: 256 

********************************************************************************
                                  Violation 11
********************************************************************************
title: Pin annular ring too small
explanation: Annular rings that are too small may erode during etching,
resulting in a broken connection
location: (x, y) = (20345400, 19050000), angle = 0.000000
have_measured: true
measured value: 101600
required value: 254000
object count: 1
object IDs: 328 
object types: 256 

********************************************************************************
                                  Violation 12
********************************************************************************
title: Pin annular ring too small
explanation: Annular rings that are too small may erode during etching,
resulting in a broken connection
location: (x, y) = (20345400, 20320000), angle = 0.000000
have_measured: true
measured value: 76200
required value: 254000
object count: 1
object IDs: 329 
object types: 256 

********************************************************************************
                                  Violation 13
********************************************************************************
title: Pin annular ring too small
explanation: Annular rings that are too small may erode during etching,
resulting in a broken connection
location: (x, y) = (20345400, 21590000), angle = 0.000000
have_measured: true
measured value: 50800
required value: 254000
object count: 1
object IDs: 330 
object types: 256 

