********************************************************************************
                                  Violation 0
********************************************************************************
title: WARNING: DRC doesn't catch everything
explanation: Detection of outright shorts, missing connections, etc.
is handled via rat's nest addition.  To catch these problems,
display the message log using Window->Message Log, then use
Connects->Optimize rats nest (O hotkey) and watch for messages.

location: (x, y) = (0, 0), angle = 0.000000
have_measured: true
measured value: 0
required value: 0
object count: 0
object IDs: 
object types: 

********************************************************************************
                                  Violation 1
********************************************************************************
title: Warning: DRC minimum copper overlap
explanation: DRC does not catch all minimum copper overlap violations for
objects with thickness &lt; 2 x (min overlap).
location: (x, y) = (0, 0), angle = 0.000000
have_measured: true
measured value: 0
required value: 0
object count: 9
object IDs: 267 268 269 270 271 272 273 274 275 
object types: 512 512 512 512 512 512 512 512 512 

********************************************************************************
                                  Violation 2
********************************************************************************
title: Pad is too thin
explanation: Pads which are too thin may erode during etching,
resulting in a broken or unreliable connection
location: (x, y) = (6350000, 13970000), angle = 0.000000
have_measured: true
measured value: 101600
required value: 127000
object count: 1
object IDs: 271 
object types: 512 

********************************************************************************
                                  Violation 3
********************************************************************************
title: Pad is too thin
explanation: Pads which are too thin may erode during etching,
resulting in a broken or unreliable connection
location: (x, y) = (6350000, 15240000), angle = 0.000000
have_measured: true
measured value: 76200
required value: 127000
object count: 1
object IDs: 273 
object types: 512 

********************************************************************************
                                  Violation 4
********************************************************************************
title: Pad is too thin
explanation: Pads which are too thin may erode during etching,
resulting in a broken or unreliable connection
location: (x, y) = (6350000, 16510000), angle = 0.000000
have_measured: true
measured value: 50800
required value: 127000
object count: 1
object IDs: 274 
object types: 512 

********************************************************************************
                                  Violation 5
********************************************************************************
title: Pad is too thin
explanation: Pads which are too thin may erode during etching,
resulting in a broken or unreliable connection
location: (x, y) = (6350000, 17780000), angle = 0.000000
have_measured: true
measured value: 25400
required value: 127000
object count: 1
object IDs: 275 
object types: 512 

