********************************************************************************
                                  Violation 0
********************************************************************************
title: WARNING: DRC doesn't catch everything
explanation: Detection of outright shorts, missing connections, etc.
is handled via rat's nest addition.  To catch these problems,
display the message log using Window->Message Log, then use
Connects->Optimize rats nest (O hotkey) and watch for messages.

location: (x, y) = (0, 0), angle = 0.000000
have_measured: true
measured value: 0
required value: 0
object count: 0
object IDs: 
object types: 

********************************************************************************
                                  Violation 1
********************************************************************************
title: Pad with insufficient clearance inside polygon

explanation: Circuits that are too close may bridge during imaging, etching,
plating, or soldering processes resulting in a direct short.
location: (x, y) = (22098000, 15875000), angle = 0.000000
have_measured: true
measured value: 25400
required value: 127000
object count: 2
object IDs: 6719 6821 
object types: 512 512 

********************************************************************************
                                  Violation 2
********************************************************************************
title: Pad with insufficient clearance inside polygon

explanation: Circuits that are too close may bridge during imaging, etching,
plating, or soldering processes resulting in a direct short.
location: (x, y) = (22123400, 17805400), angle = 0.000000
have_measured: true
measured value: 25400
required value: 127000
object count: 2
object IDs: 6724 6821 
object types: 512 512 

********************************************************************************
                                  Violation 3
********************************************************************************
title: Pad with insufficient clearance inside polygon

explanation: Circuits that are too close may bridge during imaging, etching,
plating, or soldering processes resulting in a direct short.
location: (x, y) = (22148800, 19685000), angle = 0.000000
have_measured: true
measured value: 25400
required value: 127000
object count: 2
object IDs: 6729 6821 
object types: 512 512 

********************************************************************************
                                  Violation 4
********************************************************************************
title: Pad with insufficient clearance inside polygon

explanation: Circuits that are too close may bridge during imaging, etching,
plating, or soldering processes resulting in a direct short.
location: (x, y) = (22174200, 21590000), angle = 0.000000
have_measured: true
measured value: 25400
required value: 127000
object count: 2
object IDs: 6734 6821 
object types: 512 512 

********************************************************************************
                                  Violation 5
********************************************************************************
title: Pad with insufficient clearance inside polygon

explanation: Circuits that are too close may bridge during imaging, etching,
plating, or soldering processes resulting in a direct short.
location: (x, y) = (22199600, 23495000), angle = 0.000000
have_measured: true
measured value: 25400
required value: 127000
object count: 2
object IDs: 6739 6821 
object types: 512 512 

********************************************************************************
                                  Violation 6
********************************************************************************
title: Pad with insufficient clearance inside polygon

explanation: Circuits that are too close may bridge during imaging, etching,
plating, or soldering processes resulting in a direct short.
location: (x, y) = (6350000, 17805400), angle = 0.000000
have_measured: true
measured value: 101600
required value: 127000
object count: 2
object IDs: 6764 6821 
object types: 512 512 

********************************************************************************
                                  Violation 7
********************************************************************************
title: Pad with insufficient clearance inside polygon

explanation: Circuits that are too close may bridge during imaging, etching,
plating, or soldering processes resulting in a direct short.
location: (x, y) = (6350000, 19685000), angle = 0.000000
have_measured: true
measured value: 76200
required value: 127000
object count: 2
object IDs: 6765 6821 
object types: 512 512 

********************************************************************************
                                  Violation 8
********************************************************************************
title: Pad with insufficient clearance inside polygon

explanation: Circuits that are too close may bridge during imaging, etching,
plating, or soldering processes resulting in a direct short.
location: (x, y) = (6350000, 21590000), angle = 0.000000
have_measured: true
measured value: 50800
required value: 127000
object count: 2
object IDs: 6766 6821 
object types: 512 512 

********************************************************************************
                                  Violation 9
********************************************************************************
title: Pad with insufficient clearance inside polygon

explanation: Circuits that are too close may bridge during imaging, etching,
plating, or soldering processes resulting in a direct short.
location: (x, y) = (6350000, 23495000), angle = 0.000000
have_measured: true
measured value: 25400
required value: 127000
object count: 2
object IDs: 6767 6821 
object types: 512 512 

********************************************************************************
                                  Violation 10
********************************************************************************
title: Pad with insufficient clearance inside polygon

explanation: Circuits that are too close may bridge during imaging, etching,
plating, or soldering processes resulting in a direct short.
location: (x, y) = (31369000, 15875000), angle = 0.000000
have_measured: true
measured value: 25400
required value: 127000
object count: 2
object IDs: 6797 6821 
object types: 512 512 

********************************************************************************
                                  Violation 11
********************************************************************************
title: Pad with insufficient clearance inside polygon

explanation: Circuits that are too close may bridge during imaging, etching,
plating, or soldering processes resulting in a direct short.
location: (x, y) = (31343600, 17805400), angle = 0.000000
have_measured: true
measured value: 25400
required value: 127000
object count: 2
object IDs: 6802 6821 
object types: 512 512 

********************************************************************************
                                  Violation 12
********************************************************************************
title: Pad with insufficient clearance inside polygon

explanation: Circuits that are too close may bridge during imaging, etching,
plating, or soldering processes resulting in a direct short.
location: (x, y) = (31318200, 19685000), angle = 0.000000
have_measured: true
measured value: 25400
required value: 127000
object count: 2
object IDs: 6807 6821 
object types: 512 512 

********************************************************************************
                                  Violation 13
********************************************************************************
title: Pad with insufficient clearance inside polygon

explanation: Circuits that are too close may bridge during imaging, etching,
plating, or soldering processes resulting in a direct short.
location: (x, y) = (31292800, 21590000), angle = 0.000000
have_measured: true
measured value: 25400
required value: 127000
object count: 2
object IDs: 6812 6821 
object types: 512 512 

********************************************************************************
                                  Violation 14
********************************************************************************
title: Pad with insufficient clearance inside polygon

explanation: Circuits that are too close may bridge during imaging, etching,
plating, or soldering processes resulting in a direct short.
location: (x, y) = (31267400, 23495000), angle = 0.000000
have_measured: true
measured value: 0
required value: 127000
object count: 2
object IDs: 6817 6821 
object types: 512 512 

