********************************************************************************
                                  Violation 0
********************************************************************************
title: WARNING: DRC doesn't catch everything
explanation: Detection of outright shorts, missing connections, etc.
is handled via rat's nest addition.  To catch these problems,
display the message log using Window->Message Log, then use
Connects->Optimize rats nest (O hotkey) and watch for messages.

location: (x, y) = (0, 0), angle = 0.000000
have_measured: true
measured value: 0
required value: 0
object count: 0
object IDs: 
object types: 

********************************************************************************
                                  Violation 1
********************************************************************************
title: Potential for broken trace
explanation: Insufficient overlap between objects can lead to broken tracks
due to registration errors with old wheel style photo-plotters.
location: (x, y) = (10878400, 68093700), angle = 0.000000
have_measured: false
measured value: 0
required value: 127000
object count: 2
object IDs: 1306 839 
object types: 16384 512 

********************************************************************************
                                  Violation 2
********************************************************************************
title: Copper areas too close
explanation: Circuits that are too close may bridge during imaging, etching,
plating, or soldering processes resulting in a direct short.
location: (x, y) = (10878400, 59472100), angle = 0.000000
have_measured: false
measured value: 0
required value: 127000
object count: 2
object IDs: 1312 866 
object types: 16384 512 

********************************************************************************
                                  Violation 3
********************************************************************************
title: Potential for broken trace
explanation: Insufficient overlap between objects can lead to broken tracks
due to registration errors with old wheel style photo-plotters.
location: (x, y) = (9728200, 65227200), angle = 0.000000
have_measured: false
measured value: 0
required value: 127000
object count: 2
object IDs: 848 1308 
object types: 4 16384 

********************************************************************************
                                  Violation 4
********************************************************************************
title: Potential for broken trace
explanation: Insufficient overlap between objects can lead to broken tracks
due to registration errors with old wheel style photo-plotters.
location: (x, y) = (9677400, 62331600), angle = 0.000000
have_measured: false
measured value: 0
required value: 127000
object count: 2
object IDs: 857 1310 
object types: 4 16384 

********************************************************************************
                                  Violation 5
********************************************************************************
title: Copper areas too close
explanation: Circuits that are too close may bridge during imaging, etching,
plating, or soldering processes resulting in a direct short.
location: (x, y) = (4521200, 70967600), angle = 0.000000
have_measured: false
measured value: 0
required value: 127000
object count: 2
object IDs: 875 1317 
object types: 4 16384 

********************************************************************************
                                  Violation 6
********************************************************************************
title: Potential for broken trace
explanation: Insufficient overlap between objects can lead to broken tracks
due to registration errors with old wheel style photo-plotters.
location: (x, y) = (10617200, 63779400), angle = 0.000000
have_measured: false
measured value: 0
required value: 127000
object count: 2
object IDs: 938 1309 
object types: 4 16384 

********************************************************************************
                                  Violation 7
********************************************************************************
title: Potential for broken trace
explanation: Insufficient overlap between objects can lead to broken tracks
due to registration errors with old wheel style photo-plotters.
location: (x, y) = (10668000, 60909200), angle = 0.000000
have_measured: false
measured value: 0
required value: 127000
object count: 2
object IDs: 947 1311 
object types: 4 16384 

********************************************************************************
                                  Violation 8
********************************************************************************
title: Copper areas too close
explanation: Circuits that are too close may bridge during imaging, etching,
plating, or soldering processes resulting in a direct short.
location: (x, y) = (10718800, 58039000), angle = 0.000000
have_measured: false
measured value: 0
required value: 127000
object count: 2
object IDs: 956 1313 
object types: 4 16384 

********************************************************************************
                                  Violation 9
********************************************************************************
title: Copper areas too close
explanation: Circuits that are too close may bridge during imaging, etching,
plating, or soldering processes resulting in a direct short.
location: (x, y) = (5689600, 69545200), angle = 0.000000
have_measured: false
measured value: 0
required value: 127000
object count: 2
object IDs: 965 1318 
object types: 4 16384 

********************************************************************************
                                  Violation 10
********************************************************************************
title: Copper areas too close
explanation: Circuits that are too close may bridge during imaging, etching,
plating, or soldering processes resulting in a direct short.
location: (x, y) = (5740400, 66649600), angle = 0.000000
have_measured: false
measured value: 0
required value: 127000
object count: 2
object IDs: 974 1320 
object types: 4 16384 

********************************************************************************
                                  Violation 11
********************************************************************************
title: Copper areas too close
explanation: Circuits that are too close may bridge during imaging, etching,
plating, or soldering processes resulting in a direct short.
location: (x, y) = (14681200, 141401800), angle = 0.000000
have_measured: false
measured value: 0
required value: 127000
object count: 2
object IDs: 522 1406 
object types: 1 4 

********************************************************************************
                                  Violation 12
********************************************************************************
title: Copper areas too close
explanation: Circuits that are too close may bridge during imaging, etching,
plating, or soldering processes resulting in a direct short.
location: (x, y) = (14630400, 138531600), angle = 0.000000
have_measured: false
measured value: 0
required value: 127000
object count: 2
object IDs: 523 1406 
object types: 1 4 

********************************************************************************
                                  Violation 13
********************************************************************************
title: Potential for broken trace
explanation: Insufficient overlap between objects can lead to broken tracks
due to registration errors with old wheel style photo-plotters.
location: (x, y) = (14579600, 135661400), angle = 0.000000
have_measured: false
measured value: 0
required value: 127000
object count: 2
object IDs: 524 1406 
object types: 1 4 

********************************************************************************
                                  Violation 14
********************************************************************************
title: Copper areas too close
explanation: Circuits that are too close may bridge during imaging, etching,
plating, or soldering processes resulting in a direct short.
location: (x, y) = (15773400, 142824200), angle = 0.000000
have_measured: false
measured value: 0
required value: 127000
object count: 2
object IDs: 526 1409 
object types: 1 4 

********************************************************************************
                                  Violation 15
********************************************************************************
title: Copper areas too close
explanation: Circuits that are too close may bridge during imaging, etching,
plating, or soldering processes resulting in a direct short.
location: (x, y) = (15824200, 139954000), angle = 0.000000
have_measured: false
measured value: 0
required value: 127000
object count: 2
object IDs: 527 1409 
object types: 1 4 

********************************************************************************
                                  Violation 16
********************************************************************************
title: Copper areas too close
explanation: Circuits that are too close may bridge during imaging, etching,
plating, or soldering processes resulting in a direct short.
location: (x, y) = (15875000, 137083800), angle = 0.000000
have_measured: false
measured value: 0
required value: 127000
object count: 2
object IDs: 528 1409 
object types: 1 4 

********************************************************************************
                                  Violation 17
********************************************************************************
title: Potential for broken trace
explanation: Insufficient overlap between objects can lead to broken tracks
due to registration errors with old wheel style photo-plotters.
location: (x, y) = (15925800, 134213600), angle = 0.000000
have_measured: false
measured value: 0
required value: 127000
object count: 2
object IDs: 529 1409 
object types: 1 4 

********************************************************************************
                                  Violation 18
********************************************************************************
title: Potential for broken trace
explanation: Insufficient overlap between objects can lead to broken tracks
due to registration errors with old wheel style photo-plotters.
location: (x, y) = (9448800, 147142200), angle = 0.000000
have_measured: false
measured value: 0
required value: 127000
object count: 2
object IDs: 530 1412 
object types: 1 4 

********************************************************************************
                                  Violation 19
********************************************************************************
title: Potential for broken trace
explanation: Insufficient overlap between objects can lead to broken tracks
due to registration errors with old wheel style photo-plotters.
location: (x, y) = (9398000, 144272000), angle = 0.000000
have_measured: false
measured value: 0
required value: 127000
object count: 2
object IDs: 531 1412 
object types: 1 4 

********************************************************************************
                                  Violation 20
********************************************************************************
title: Potential for broken trace
explanation: Insufficient overlap between objects can lead to broken tracks
due to registration errors with old wheel style photo-plotters.
location: (x, y) = (10896600, 145719800), angle = 0.000000
have_measured: false
measured value: 0
required value: 127000
object count: 2
object IDs: 535 1415 
object types: 1 4 

********************************************************************************
                                  Violation 21
********************************************************************************
title: Potential for broken trace
explanation: Insufficient overlap between objects can lead to broken tracks
due to registration errors with old wheel style photo-plotters.
location: (x, y) = (14579600, 110261400), angle = 0.000000
have_measured: false
measured value: 0
required value: 127000
object count: 2
object IDs: 564 1430 
object types: 1 4 

********************************************************************************
                                  Violation 22
********************************************************************************
title: Potential for broken trace
explanation: Insufficient overlap between objects can lead to broken tracks
due to registration errors with old wheel style photo-plotters.
location: (x, y) = (9448800, 121742200), angle = 0.000000
have_measured: false
measured value: 0
required value: 127000
object count: 2
object IDs: 570 1436 
object types: 1 4 

********************************************************************************
                                  Violation 23
********************************************************************************
title: Potential for broken trace
explanation: Insufficient overlap between objects can lead to broken tracks
due to registration errors with old wheel style photo-plotters.
location: (x, y) = (9347200, 116001800), angle = 0.000000
have_measured: false
measured value: 0
required value: 127000
object count: 2
object IDs: 572 1210 
object types: 1 16384 

********************************************************************************
                                  Violation 24
********************************************************************************
title: Copper areas too close
explanation: Circuits that are too close may bridge during imaging, etching,
plating, or soldering processes resulting in a direct short.
location: (x, y) = (6070600, 120345200), angle = 0.000000
have_measured: false
measured value: 0
required value: 127000
object count: 2
object IDs: 580 1220 
object types: 1 16384 

********************************************************************************
                                  Violation 25
********************************************************************************
title: Copper areas too close
explanation: Circuits that are too close may bridge during imaging, etching,
plating, or soldering processes resulting in a direct short.
location: (x, y) = (5798400, 124645000), angle = 0.000000
have_measured: false
measured value: 0
required value: 127000
object count: 2
object IDs: 1217 581 
object types: 16384 1 

********************************************************************************
                                  Violation 26
********************************************************************************
title: Potential for broken trace
explanation: Insufficient overlap between objects can lead to broken tracks
due to registration errors with old wheel style photo-plotters.
location: (x, y) = (14579600, 84861400), angle = 0.000000
have_measured: false
measured value: 0
required value: 127000
object count: 2
object IDs: 604 1454 
object types: 1 4 

********************************************************************************
                                  Violation 27
********************************************************************************
title: Potential for broken trace
explanation: Insufficient overlap between objects can lead to broken tracks
due to registration errors with old wheel style photo-plotters.
location: (x, y) = (9448800, 96342200), angle = 0.000000
have_measured: false
measured value: 0
required value: 127000
object count: 2
object IDs: 610 1460 
object types: 1 4 

********************************************************************************
                                  Violation 28
********************************************************************************
title: Potential for broken trace
explanation: Insufficient overlap between objects can lead to broken tracks
due to registration errors with old wheel style photo-plotters.
location: (x, y) = (9347200, 90601800), angle = 0.000000
have_measured: false
measured value: 0
required value: 127000
object count: 2
object IDs: 612 1262 
object types: 1 16384 

********************************************************************************
                                  Violation 29
********************************************************************************
title: Copper areas too close
explanation: Circuits that are too close may bridge during imaging, etching,
plating, or soldering processes resulting in a direct short.
location: (x, y) = (6070600, 94945200), angle = 0.000000
have_measured: false
measured value: 0
required value: 127000
object count: 2
object IDs: 620 1272 
object types: 1 16384 

********************************************************************************
                                  Violation 30
********************************************************************************
title: Copper areas too close
explanation: Circuits that are too close may bridge during imaging, etching,
plating, or soldering processes resulting in a direct short.
location: (x, y) = (5798400, 99245000), angle = 0.000000
have_measured: false
measured value: 0
required value: 127000
object count: 2
object IDs: 1269 621 
object types: 16384 1 

********************************************************************************
                                  Violation 31
********************************************************************************
title: Potential for broken trace
explanation: Insufficient overlap between objects can lead to broken tracks
due to registration errors with old wheel style photo-plotters.
location: (x, y) = (10878400, 34072100), angle = 0.000000
have_measured: false
measured value: 0
required value: 127000
object count: 2
object IDs: 1348 1332 
object types: 16384 16384 

********************************************************************************
                                  Violation 32
********************************************************************************
title: Copper areas too close
explanation: Circuits that are too close may bridge during imaging, etching,
plating, or soldering processes resulting in a direct short.
location: (x, y) = (9441600, 32635300), angle = 0.000000
have_measured: false
measured value: 0
required value: 127000
object count: 2
object IDs: 1349 1337 
object types: 16384 16384 

********************************************************************************
                                  Violation 33
********************************************************************************
title: Copper areas too close
explanation: Circuits that are too close may bridge during imaging, etching,
plating, or soldering processes resulting in a direct short.
location: (x, y) = (4361600, 41256800), angle = 0.000000
have_measured: false
measured value: 0
required value: 127000
object count: 2
object IDs: 1365 1352 
object types: 16384 16384 

********************************************************************************
                                  Violation 34
********************************************************************************
title: Potential for broken trace
explanation: Insufficient overlap between objects can lead to broken tracks
due to registration errors with old wheel style photo-plotters.
location: (x, y) = (9441600, 10108946), angle = 0.000000
have_measured: false
measured value: 0
required value: 127000
object count: 2
object IDs: 1383 1108 
object types: 16384 4 

********************************************************************************
                                  Violation 35
********************************************************************************
title: Copper areas too close
explanation: Circuits that are too close may bridge during imaging, etching,
plating, or soldering processes resulting in a direct short.
location: (x, y) = (9441600, 7235300), angle = 0.000000
have_measured: false
measured value: 0
required value: 127000
object count: 2
object IDs: 1385 1120 
object types: 16384 4 

********************************************************************************
                                  Violation 36
********************************************************************************
title: Copper areas too close
explanation: Circuits that are too close may bridge during imaging, etching,
plating, or soldering processes resulting in a direct short.
location: (x, y) = (4361600, 15856800), angle = 0.000000
have_measured: false
measured value: 0
required value: 127000
object count: 2
object IDs: 1392 1087 
object types: 16384 4 

