********************************************************************************
                                  Violation 0
********************************************************************************
title: WARNING: DRC doesn't catch everything
explanation: Detection of outright shorts, missing connections, etc.
is handled via rat's nest addition.  To catch these problems,
display the message log using Window->Message Log, then use
Connects->Optimize rats nest (O hotkey) and watch for messages.

location: (x, y) = (0, 0), angle = 0.000000
have_measured: true
measured value: 0
required value: 0
object count: 0
object IDs: 
object types: 

********************************************************************************
                                  Violation 1
********************************************************************************
title: Warning: DRC minimum copper overlap
explanation: DRC does not catch all minimum copper overlap violations for
objects with thickness &lt; 2 x (min overlap).
location: (x, y) = (0, 0), angle = 0.000000
have_measured: true
measured value: 0
required value: 0
object count: 9
object IDs: 73 74 75 76 77 78 79 80 81 
object types: 16384 16384 16384 16384 16384 16384 16384 16384 16384 

********************************************************************************
                                  Violation 2
********************************************************************************
title: Arc width is too thin
explanation: Process specifications dictate a minimum feature-width
that can reliably be reproduced
location: (x, y) = (4762500, 13017500), angle = 0.000000
have_measured: true
measured value: 101600
required value: 127000
object count: 1
object IDs: 78 
object types: 16384 

********************************************************************************
                                  Violation 3
********************************************************************************
title: Arc width is too thin
explanation: Process specifications dictate a minimum feature-width
that can reliably be reproduced
location: (x, y) = (4762500, 14287500), angle = 0.000000
have_measured: true
measured value: 76200
required value: 127000
object count: 1
object IDs: 79 
object types: 16384 

********************************************************************************
                                  Violation 4
********************************************************************************
title: Arc width is too thin
explanation: Process specifications dictate a minimum feature-width
that can reliably be reproduced
location: (x, y) = (4762500, 15557500), angle = 0.000000
have_measured: true
measured value: 50800
required value: 127000
object count: 1
object IDs: 80 
object types: 16384 

********************************************************************************
                                  Violation 5
********************************************************************************
title: Arc width is too thin
explanation: Process specifications dictate a minimum feature-width
that can reliably be reproduced
location: (x, y) = (4762500, 16827500), angle = 0.000000
have_measured: true
measured value: 25400
required value: 127000
object count: 1
object IDs: 81 
object types: 16384 

