********************************************************************************
                                  Violation 0
********************************************************************************
title: WARNING: DRC doesn't catch everything
explanation: Detection of outright shorts, missing connections, etc.
is handled via rat's nest addition.  To catch these problems,
display the message log using Window->Message Log, then use
Connects->Optimize rats nest (O hotkey) and watch for messages.

location: (x, y) = (0, 0), angle = 0.000000
have_measured: true
measured value: 0
required value: 0
object count: 0
object IDs: 
object types: 

********************************************************************************
                                  Violation 1
********************************************************************************
title: Copper areas too close
explanation: Circuits that are too close may bridge during imaging, etching,
plating, or soldering processes resulting in a direct short.
location: (x, y) = (3987213, 19939000), angle = 0.000000
have_measured: false
measured value: 0
required value: 127000
object count: 2
object IDs: 137 11 
object types: 512 1 

********************************************************************************
                                  Violation 2
********************************************************************************
title: Copper areas too close
explanation: Circuits that are too close may bridge during imaging, etching,
plating, or soldering processes resulting in a direct short.
location: (x, y) = (3974513, 21844000), angle = 0.000000
have_measured: false
measured value: 0
required value: 127000
object count: 2
object IDs: 146 12 
object types: 512 1 

********************************************************************************
                                  Violation 3
********************************************************************************
title: Copper areas too close
explanation: Circuits that are too close may bridge during imaging, etching,
plating, or soldering processes resulting in a direct short.
location: (x, y) = (3961813, 23749000), angle = 0.000000
have_measured: false
measured value: 0
required value: 127000
object count: 2
object IDs: 155 13 
object types: 512 1 

********************************************************************************
                                  Violation 4
********************************************************************************
title: Copper areas too close
explanation: Circuits that are too close may bridge during imaging, etching,
plating, or soldering processes resulting in a direct short.
location: (x, y) = (3949113, 25654000), angle = 0.000000
have_measured: false
measured value: 0
required value: 127000
object count: 2
object IDs: 164 14 
object types: 512 1 

********************************************************************************
                                  Violation 5
********************************************************************************
title: Copper areas too close
explanation: Circuits that are too close may bridge during imaging, etching,
plating, or soldering processes resulting in a direct short.
location: (x, y) = (9016413, 8509000), angle = 0.000000
have_measured: false
measured value: 0
required value: 127000
object count: 2
object IDs: 173 15 
object types: 512 1 

********************************************************************************
                                  Violation 6
********************************************************************************
title: Potential for broken trace
explanation: Insufficient overlap between objects can lead to broken tracks
due to registration errors with old wheel style photo-plotters.
location: (x, y) = (9003713, 10414000), angle = 0.000000
have_measured: false
measured value: 0
required value: 127000
object count: 2
object IDs: 182 16 
object types: 512 1 

********************************************************************************
                                  Violation 7
********************************************************************************
title: Potential for broken trace
explanation: Insufficient overlap between objects can lead to broken tracks
due to registration errors with old wheel style photo-plotters.
location: (x, y) = (8991013, 12319000), angle = 0.000000
have_measured: false
measured value: 0
required value: 127000
object count: 2
object IDs: 191 17 
object types: 512 1 

********************************************************************************
                                  Violation 8
********************************************************************************
title: Potential for broken trace
explanation: Insufficient overlap between objects can lead to broken tracks
due to registration errors with old wheel style photo-plotters.
location: (x, y) = (8978313, 14224000), angle = 0.000000
have_measured: false
measured value: 0
required value: 127000
object count: 2
object IDs: 200 18 
object types: 512 1 

********************************************************************************
                                  Violation 9
********************************************************************************
title: Potential for broken trace
explanation: Insufficient overlap between objects can lead to broken tracks
due to registration errors with old wheel style photo-plotters.
location: (x, y) = (8965613, 16129000), angle = 0.000000
have_measured: false
measured value: 0
required value: 127000
object count: 2
object IDs: 209 19 
object types: 512 1 

********************************************************************************
                                  Violation 10
********************************************************************************
title: Potential for broken trace
explanation: Insufficient overlap between objects can lead to broken tracks
due to registration errors with old wheel style photo-plotters.
location: (x, y) = (8952913, 18034000), angle = 0.000000
have_measured: false
measured value: 0
required value: 127000
object count: 2
object IDs: 218 20 
object types: 512 1 

