********************************************************************************
                                  Violation 0
********************************************************************************
title: WARNING: DRC doesn't catch everything
explanation: Detection of outright shorts, missing connections, etc.
is handled via rat's nest addition.  To catch these problems,
display the message log using Window->Message Log, then use
Connects->Optimize rats nest (O hotkey) and watch for messages.

location: (x, y) = (0, 0), angle = 0.000000
have_measured: true
measured value: 0
required value: 0
object count: 0
object IDs: 
object types: 

********************************************************************************
                                  Violation 1
********************************************************************************
title: Copper areas too close
explanation: Circuits that are too close may bridge during imaging, etching,
plating, or soldering processes resulting in a direct short.
location: (x, y) = (3987213, 15240000), angle = 0.000000
have_measured: false
measured value: 0
required value: 127000
object count: 2
object IDs: 43 10 
object types: 4 1 

********************************************************************************
                                  Violation 2
********************************************************************************
title: Copper areas too close
explanation: Circuits that are too close may bridge during imaging, etching,
plating, or soldering processes resulting in a direct short.
location: (x, y) = (3974513, 16510000), angle = 0.000000
have_measured: false
measured value: 0
required value: 127000
object count: 2
object IDs: 43 11 
object types: 4 1 

********************************************************************************
                                  Violation 3
********************************************************************************
title: Copper areas too close
explanation: Circuits that are too close may bridge during imaging, etching,
plating, or soldering processes resulting in a direct short.
location: (x, y) = (3961813, 17780000), angle = 0.000000
have_measured: false
measured value: 0
required value: 127000
object count: 2
object IDs: 43 12 
object types: 4 1 

********************************************************************************
                                  Violation 4
********************************************************************************
title: Copper areas too close
explanation: Circuits that are too close may bridge during imaging, etching,
plating, or soldering processes resulting in a direct short.
location: (x, y) = (3949113, 19050000), angle = 0.000000
have_measured: false
measured value: 0
required value: 127000
object count: 2
object IDs: 43 13 
object types: 4 1 

********************************************************************************
                                  Violation 5
********************************************************************************
title: Potential for broken trace
explanation: Insufficient overlap between objects can lead to broken tracks
due to registration errors with old wheel style photo-plotters.
location: (x, y) = (9003713, 8890000), angle = 0.000000
have_measured: false
measured value: 0
required value: 127000
object count: 2
object IDs: 14 46 
object types: 1 4 

********************************************************************************
                                  Violation 6
********************************************************************************
title: Copper areas too close
explanation: Circuits that are too close may bridge during imaging, etching,
plating, or soldering processes resulting in a direct short.
location: (x, y) = (9016413, 7620000), angle = 0.000000
have_measured: false
measured value: 0
required value: 127000
object count: 2
object IDs: 46 23 
object types: 4 1 

********************************************************************************
                                  Violation 7
********************************************************************************
title: Potential for broken trace
explanation: Insufficient overlap between objects can lead to broken tracks
due to registration errors with old wheel style photo-plotters.
location: (x, y) = (8991013, 10160000), angle = 0.000000
have_measured: false
measured value: 0
required value: 127000
object count: 2
object IDs: 15 46 
object types: 1 4 

********************************************************************************
                                  Violation 8
********************************************************************************
title: Potential for broken trace
explanation: Insufficient overlap between objects can lead to broken tracks
due to registration errors with old wheel style photo-plotters.
location: (x, y) = (8978313, 11430000), angle = 0.000000
have_measured: false
measured value: 0
required value: 127000
object count: 2
object IDs: 16 46 
object types: 1 4 

********************************************************************************
                                  Violation 9
********************************************************************************
title: Potential for broken trace
explanation: Insufficient overlap between objects can lead to broken tracks
due to registration errors with old wheel style photo-plotters.
location: (x, y) = (8965613, 12700000), angle = 0.000000
have_measured: false
measured value: 0
required value: 127000
object count: 2
object IDs: 17 46 
object types: 1 4 

********************************************************************************
                                  Violation 10
********************************************************************************
title: Potential for broken trace
explanation: Insufficient overlap between objects can lead to broken tracks
due to registration errors with old wheel style photo-plotters.
location: (x, y) = (8952913, 13970000), angle = 0.000000
have_measured: false
measured value: 0
required value: 127000
object count: 2
object IDs: 18 46 
object types: 1 4 

