********************************************************************************
                                  Violation 0
********************************************************************************
title: WARNING: DRC doesn't catch everything
explanation: Detection of outright shorts, missing connections, etc.
is handled via rat's nest addition.  To catch these problems,
display the message log using Window->Message Log, then use
Connects->Optimize rats nest (O hotkey) and watch for messages.

location: (x, y) = (0, 0), angle = 0.000000
have_measured: true
measured value: 0
required value: 0
object count: 0
object IDs: 
object types: 

********************************************************************************
                                  Violation 1
********************************************************************************
title: Potential for broken trace
explanation: Insufficient overlap between objects can lead to broken tracks
due to registration errors with old wheel style photo-plotters.
location: (x, y) = (10668000, 108864400), angle = 0.000000
have_measured: false
measured value: 0
required value: 127000
object count: 2
object IDs: 66 67 
object types: 1 1 

********************************************************************************
                                  Violation 2
********************************************************************************
title: Potential for broken trace
explanation: Insufficient overlap between objects can lead to broken tracks
due to registration errors with old wheel style photo-plotters.
location: (x, y) = (10655300, 110769400), angle = 0.000000
have_measured: false
measured value: 0
required value: 127000
object count: 2
object IDs: 72 73 
object types: 1 1 

********************************************************************************
                                  Violation 3
********************************************************************************
title: Potential for broken trace
explanation: Insufficient overlap between objects can lead to broken tracks
due to registration errors with old wheel style photo-plotters.
location: (x, y) = (10642600, 112674400), angle = 0.000000
have_measured: false
measured value: 0
required value: 127000
object count: 2
object IDs: 78 79 
object types: 1 1 

********************************************************************************
                                  Violation 4
********************************************************************************
title: Potential for broken trace
explanation: Insufficient overlap between objects can lead to broken tracks
due to registration errors with old wheel style photo-plotters.
location: (x, y) = (10629900, 114579400), angle = 0.000000
have_measured: false
measured value: 0
required value: 127000
object count: 2
object IDs: 84 85 
object types: 1 1 

********************************************************************************
                                  Violation 5
********************************************************************************
title: Potential for broken trace
explanation: Insufficient overlap between objects can lead to broken tracks
due to registration errors with old wheel style photo-plotters.
location: (x, y) = (10617200, 116484400), angle = 0.000000
have_measured: false
measured value: 0
required value: 127000
object count: 2
object IDs: 90 91 
object types: 1 1 

********************************************************************************
                                  Violation 6
********************************************************************************
title: Copper areas too close
explanation: Circuits that are too close may bridge during imaging, etching,
plating, or soldering processes resulting in a direct short.
location: (x, y) = (5651500, 118389400), angle = 0.000000
have_measured: false
measured value: 0
required value: 127000
object count: 2
object IDs: 94 95 
object types: 1 1 

********************************************************************************
                                  Violation 7
********************************************************************************
title: Copper areas too close
explanation: Circuits that are too close may bridge during imaging, etching,
plating, or soldering processes resulting in a direct short.
location: (x, y) = (5638800, 120294400), angle = 0.000000
have_measured: false
measured value: 0
required value: 127000
object count: 2
object IDs: 100 101 
object types: 1 1 

********************************************************************************
                                  Violation 8
********************************************************************************
title: Copper areas too close
explanation: Circuits that are too close may bridge during imaging, etching,
plating, or soldering processes resulting in a direct short.
location: (x, y) = (5626100, 122199400), angle = 0.000000
have_measured: false
measured value: 0
required value: 127000
object count: 2
object IDs: 106 107 
object types: 1 1 

********************************************************************************
                                  Violation 9
********************************************************************************
title: Copper areas too close
explanation: Circuits that are too close may bridge during imaging, etching,
plating, or soldering processes resulting in a direct short.
location: (x, y) = (5613400, 124104400), angle = 0.000000
have_measured: false
measured value: 0
required value: 127000
object count: 2
object IDs: 112 113 
object types: 1 1 

********************************************************************************
                                  Violation 10
********************************************************************************
title: Copper areas too close
explanation: Circuits that are too close may bridge during imaging, etching,
plating, or soldering processes resulting in a direct short.
location: (x, y) = (5600700, 126009400), angle = 0.000000
have_measured: false
measured value: 0
required value: 127000
object count: 2
object IDs: 118 119 
object types: 1 1 

********************************************************************************
                                  Violation 11
********************************************************************************
title: Copper areas too close
explanation: Circuits that are too close may bridge during imaging, etching,
plating, or soldering processes resulting in a direct short.
location: (x, y) = (4381500, 18034000), angle = 0.000000
have_measured: false
measured value: 0
required value: 127000
object count: 2
object IDs: 156 155 
object types: 1 1 

********************************************************************************
                                  Violation 12
********************************************************************************
title: Potential for broken trace
explanation: Insufficient overlap between objects can lead to broken tracks
due to registration errors with old wheel style photo-plotters.
location: (x, y) = (9398000, 8509000), angle = 0.000000
have_measured: false
measured value: 0
required value: 127000
object count: 2
object IDs: 127 128 
object types: 1 1 

********************************************************************************
                                  Violation 13
********************************************************************************
title: Potential for broken trace
explanation: Insufficient overlap between objects can lead to broken tracks
due to registration errors with old wheel style photo-plotters.
location: (x, y) = (9385300, 10414000), angle = 0.000000
have_measured: false
measured value: 0
required value: 127000
object count: 2
object IDs: 133 134 
object types: 1 1 

********************************************************************************
                                  Violation 14
********************************************************************************
title: Potential for broken trace
explanation: Insufficient overlap between objects can lead to broken tracks
due to registration errors with old wheel style photo-plotters.
location: (x, y) = (9372600, 12319000), angle = 0.000000
have_measured: false
measured value: 0
required value: 127000
object count: 2
object IDs: 139 140 
object types: 1 1 

********************************************************************************
                                  Violation 15
********************************************************************************
title: Potential for broken trace
explanation: Insufficient overlap between objects can lead to broken tracks
due to registration errors with old wheel style photo-plotters.
location: (x, y) = (9359900, 14224000), angle = 0.000000
have_measured: false
measured value: 0
required value: 127000
object count: 2
object IDs: 145 146 
object types: 1 1 

********************************************************************************
                                  Violation 16
********************************************************************************
title: Potential for broken trace
explanation: Insufficient overlap between objects can lead to broken tracks
due to registration errors with old wheel style photo-plotters.
location: (x, y) = (9347200, 16129000), angle = 0.000000
have_measured: false
measured value: 0
required value: 127000
object count: 2
object IDs: 151 152 
object types: 1 1 

********************************************************************************
                                  Violation 17
********************************************************************************
title: Copper areas too close
explanation: Circuits that are too close may bridge during imaging, etching,
plating, or soldering processes resulting in a direct short.
location: (x, y) = (4368800, 19939000), angle = 0.000000
have_measured: false
measured value: 0
required value: 127000
object count: 2
object IDs: 161 162 
object types: 1 1 

********************************************************************************
                                  Violation 18
********************************************************************************
title: Copper areas too close
explanation: Circuits that are too close may bridge during imaging, etching,
plating, or soldering processes resulting in a direct short.
location: (x, y) = (4356100, 21844000), angle = 0.000000
have_measured: false
measured value: 0
required value: 127000
object count: 2
object IDs: 167 168 
object types: 1 1 

********************************************************************************
                                  Violation 19
********************************************************************************
title: Copper areas too close
explanation: Circuits that are too close may bridge during imaging, etching,
plating, or soldering processes resulting in a direct short.
location: (x, y) = (4343400, 23749000), angle = 0.000000
have_measured: false
measured value: 0
required value: 127000
object count: 2
object IDs: 173 174 
object types: 1 1 

********************************************************************************
                                  Violation 20
********************************************************************************
title: Copper areas too close
explanation: Circuits that are too close may bridge during imaging, etching,
plating, or soldering processes resulting in a direct short.
location: (x, y) = (4330700, 25654000), angle = 0.000000
have_measured: false
measured value: 0
required value: 127000
object count: 2
object IDs: 179 180 
object types: 1 1 

