********************************************************************************
                                  Violation 0
********************************************************************************
title: WARNING: DRC doesn't catch everything
explanation: Detection of outright shorts, missing connections, etc.
is handled via rat's nest addition.  To catch these problems,
display the message log using Window->Message Log, then use
Connects->Optimize rats nest (O hotkey) and watch for messages.

location: (x, y) = (0, 0), angle = 0.000000
have_measured: true
measured value: 0
required value: 0
object count: 0
object IDs: 
object types: 

********************************************************************************
                                  Violation 1
********************************************************************************
title: Potential for broken trace
explanation: Insufficient overlap between objects can lead to broken tracks
due to registration errors with old wheel style photo-plotters.
location: (x, y) = (8522665, 15671800), angle = 0.000000
have_measured: false
measured value: 0
required value: 127000
object count: 2
object IDs: 167 61 
object types: 16384 1 

********************************************************************************
                                  Violation 2
********************************************************************************
title: Copper areas too close
explanation: Circuits that are too close may bridge during imaging, etching,
plating, or soldering processes resulting in a direct short.
location: (x, y) = (9320835, 8483600), angle = 0.000000
have_measured: false
measured value: 0
required value: 127000
object count: 2
object IDs: 172 68 
object types: 16384 1 

********************************************************************************
                                  Violation 3
********************************************************************************
title: Potential for broken trace
explanation: Insufficient overlap between objects can lead to broken tracks
due to registration errors with old wheel style photo-plotters.
location: (x, y) = (8497265, 12801600), angle = 0.000000
have_measured: false
measured value: 0
required value: 127000
object count: 2
object IDs: 62 169 
object types: 1 16384 

********************************************************************************
                                  Violation 4
********************************************************************************
title: Potential for broken trace
explanation: Insufficient overlap between objects can lead to broken tracks
due to registration errors with old wheel style photo-plotters.
location: (x, y) = (8471865, 9931400), angle = 0.000000
have_measured: false
measured value: 0
required value: 127000
object count: 2
object IDs: 63 171 
object types: 1 16384 

********************************************************************************
                                  Violation 5
********************************************************************************
title: Potential for broken trace
explanation: Insufficient overlap between objects can lead to broken tracks
due to registration errors with old wheel style photo-plotters.
location: (x, y) = (9270035, 14224000), angle = 0.000000
have_measured: false
measured value: 0
required value: 127000
object count: 2
object IDs: 66 168 
object types: 1 16384 

********************************************************************************
                                  Violation 6
********************************************************************************
title: Potential for broken trace
explanation: Insufficient overlap between objects can lead to broken tracks
due to registration errors with old wheel style photo-plotters.
location: (x, y) = (9295435, 11353800), angle = 0.000000
have_measured: false
measured value: 0
required value: 127000
object count: 2
object IDs: 67 170 
object types: 1 16384 

********************************************************************************
                                  Violation 7
********************************************************************************
title: Copper areas too close
explanation: Circuits that are too close may bridge during imaging, etching,
plating, or soldering processes resulting in a direct short.
location: (x, y) = (4266235, 20015200), angle = 0.000000
have_measured: false
measured value: 0
required value: 127000
object count: 2
object IDs: 69 177 
object types: 1 16384 

********************************************************************************
                                  Violation 8
********************************************************************************
title: Copper areas too close
explanation: Circuits that are too close may bridge during imaging, etching,
plating, or soldering processes resulting in a direct short.
location: (x, y) = (4291635, 17119600), angle = 0.000000
have_measured: false
measured value: 0
required value: 127000
object count: 2
object IDs: 179 70 
object types: 16384 1 

