********************************************************************************
                                  Violation 0
********************************************************************************
title: WARNING: DRC doesn't catch everything
explanation: Detection of outright shorts, missing connections, etc.
is handled via rat's nest addition.  To catch these problems,
display the message log using Window->Message Log, then use
Connects->Optimize rats nest (O hotkey) and watch for messages.

location: (x, y) = (0, 0), angle = 0.000000
have_measured: true
measured value: 0
required value: 0
object count: 0
object IDs: 
object types: 

********************************************************************************
                                  Violation 1
********************************************************************************
title: Copper areas too close
explanation: Circuits that are too close may bridge during imaging, etching,
plating, or soldering processes resulting in a direct short.
location: (x, y) = (4292600, 17134050), angle = 0.000000
have_measured: false
measured value: 0
required value: 127000
object count: 2
object IDs: 15 28 
object types: 16384 16384 

********************************************************************************
                                  Violation 2
********************************************************************************
title: Copper areas too close
explanation: Circuits that are too close may bridge during imaging, etching,
plating, or soldering processes resulting in a direct short.
location: (x, y) = (3340100, 18569150), angle = 0.000000
have_measured: false
measured value: 0
required value: 127000
object count: 2
object IDs: 16 24 
object types: 16384 16384 

********************************************************************************
                                  Violation 3
********************************************************************************
title: Copper areas too close
explanation: Circuits that are too close may bridge during imaging, etching,
plating, or soldering processes resulting in a direct short.
location: (x, y) = (4267200, 20011450), angle = 0.000000
have_measured: false
measured value: 0
required value: 127000
object count: 2
object IDs: 17 29 
object types: 16384 16384 

********************************************************************************
                                  Violation 4
********************************************************************************
title: Copper areas too close
explanation: Circuits that are too close may bridge during imaging, etching,
plating, or soldering processes resulting in a direct short.
location: (x, y) = (3365500, 21441050), angle = 0.000000
have_measured: false
measured value: 0
required value: 127000
object count: 2
object IDs: 18 25 
object types: 16384 16384 

********************************************************************************
                                  Violation 5
********************************************************************************
title: Potential for broken trace
explanation: Insufficient overlap between objects can lead to broken tracks
due to registration errors with old wheel style photo-plotters.
location: (x, y) = (8470900, 9940350), angle = 0.000000
have_measured: false
measured value: 0
required value: 127000
object count: 2
object IDs: 32 48 
object types: 16384 16384 

********************************************************************************
                                  Violation 6
********************************************************************************
title: Copper areas too close
explanation: Circuits that are too close may bridge during imaging, etching,
plating, or soldering processes resulting in a direct short.
location: (x, y) = (9321800, 8510750), angle = 0.000000
have_measured: false
measured value: 0
required value: 127000
object count: 2
object IDs: 31 43 
object types: 16384 16384 

