********************************************************************************
                                  Violation 0
********************************************************************************
title: WARNING: DRC doesn't catch everything
explanation: Detection of outright shorts, missing connections, etc.
is handled via rat's nest addition.  To catch these problems,
display the message log using Window->Message Log, then use
Connects->Optimize rats nest (O hotkey) and watch for messages.

location: (x, y) = (0, 0), angle = 0.000000
have_measured: true
measured value: 0
required value: 0
object count: 0
object IDs: 
object types: 

********************************************************************************
                                  Violation 1
********************************************************************************
title: Copper areas too close
explanation: Circuits that are too close may bridge during imaging, etching,
plating, or soldering processes resulting in a direct short.
location: (x, y) = (4075764, 18097500), angle = 0.000000
have_measured: false
measured value: 0
required value: 127000
object count: 2
object IDs: 7 21 
object types: 4 16384 

********************************************************************************
                                  Violation 2
********************************************************************************
title: Potential for broken trace
explanation: Insufficient overlap between objects can lead to broken tracks
due to registration errors with old wheel style photo-plotters.
location: (x, y) = (9117664, 9207500), angle = 0.000000
have_measured: false
measured value: 0
required value: 127000
object count: 2
object IDs: 10 24 
object types: 4 16384 

********************************************************************************
                                  Violation 3
********************************************************************************
title: Copper areas too close
explanation: Circuits that are too close may bridge during imaging, etching,
plating, or soldering processes resulting in a direct short.
location: (x, y) = (9130364, 7937500), angle = 0.000000
have_measured: false
measured value: 0
required value: 127000
object count: 2
object IDs: 10 23 
object types: 4 16384 

