********************************************************************************
                                  Violation 0
********************************************************************************
title: WARNING: DRC doesn't catch everything
explanation: Detection of outright shorts, missing connections, etc.
is handled via rat's nest addition.  To catch these problems,
display the message log using Window->Message Log, then use
Connects->Optimize rats nest (O hotkey) and watch for messages.

location: (x, y) = (0, 0), angle = 0.000000
have_measured: true
measured value: 0
required value: 0
object count: 0
object IDs: 
object types: 

********************************************************************************
                                  Violation 1
********************************************************************************
title: Warning: Copper polygon with the "fullpoly" flag
explanation: This flag can cause PCB to entirely miss connections to parts of
the polygon in some cases.  Consider using separate polygons 
without this flag instead.
location: (x, y) = (9600001, 10900002), angle = 0.000000
have_measured: false
measured value: 0
required value: 0
object count: 1
object IDs: 3 
object types: 8 

